------------------------------------------------------------
Timing Analyzer Summary
------------------------------------------------------------

Type  : Slow 1100mV 85C Model Setup 'clk_50'
Slack : -1.778
TNS   : -35.854

Type  : Slow 1100mV 85C Model Hold 'clk_50'
Slack : 0.315
TNS   : 0.000

Type  : Slow 1100mV 85C Model Minimum Pulse Width 'clk_50'
Slack : -0.394
TNS   : -13.625

Type  : Slow 1100mV 0C Model Setup 'clk_50'
Slack : -1.739
TNS   : -34.873

Type  : Slow 1100mV 0C Model Hold 'clk_50'
Slack : 0.300
TNS   : 0.000

Type  : Slow 1100mV 0C Model Minimum Pulse Width 'clk_50'
Slack : -0.394
TNS   : -14.856

Type  : Fast 1100mV 85C Model Setup 'clk_50'
Slack : -0.553
TNS   : -10.789

Type  : Fast 1100mV 85C Model Hold 'clk_50'
Slack : 0.184
TNS   : 0.000

Type  : Fast 1100mV 85C Model Minimum Pulse Width 'clk_50'
Slack : -0.089
TNS   : -2.187

Type  : Fast 1100mV 0C Model Setup 'clk_50'
Slack : -0.439
TNS   : -8.285

Type  : Fast 1100mV 0C Model Hold 'clk_50'
Slack : 0.168
TNS   : 0.000

Type  : Fast 1100mV 0C Model Minimum Pulse Width 'clk_50'
Slack : -0.090
TNS   : -2.238

------------------------------------------------------------
